
==============================================================
    JasperGold Verification Results
==============================================================
    2019.09p002 64 bits for Linux64 2.6.32-431.11.2.el6.x86_64
    Host Name: localhost
    User Name: vlsi_S34
    Printed on: Monday, Feb 2, 2026 09:23:56 AM IST
    Working Directory: /home/vlsi_S34/capstone/formal_verification/tcl


==============================================================
SUMMARY
==============================================================
    Total Tasks           : 1
    Total Properties      : 41
          assumptions     : 7                   
           - approved     : 0                   ( 0.0% )
           - temporary    : 7                   ( 100.0% )
          assertions      : 23                  
           - proven       : 23                  ( 100.0% )
           - marked_proven: 0                   ( 0.0% )
           - cex          : 0                   ( 0.0% )
           - ar_cex       : 0                   ( 0.0% )
           - undetermined : 0                   ( 0.0% )
           - unprocessed  : 0                   ( 0.0% )
           - error        : 0                   ( 0.0% )
          covers          : 11                  
           - unreachable  : 9                   ( 81.8% )
           - covered      : 2                   ( 18.2% )
           - ar_covered   : 0                   ( 0.0% )
           - undetermined : 0                   ( 0.0% )
           - unprocessed  : 0                   ( 0.0% )
           - error        : 0                   ( 0.0% )
